components/campaigns/CampaignWizard.tsx(1321,33): error TS2322: Type 'import("E:/AUTOFLOW/AUTOMATION_FLOW/types").Flow[]' is not assignable to type 'Flow[]'.
  Type 'import("E:/AUTOFLOW/AUTOMATION_FLOW/types").Flow' is not assignable to type 'Flow'.
    Types of property 'status' are incompatible.
      Type '"draft" | "archived" | "active" | "paused"' is not assignable to type '"archived" | "active" | "inactive"'.
        Type '"draft"' is not assignable to type '"archived" | "active" | "inactive"'.
components/campaigns/CampaignWizard.tsx(1346,326): error TS2322: Type 'string | true' is not assignable to type 'boolean'.
  Type 'string' is not assignable to type 'boolean'.
components/campaigns/LaunchPreview.tsx(723,41): error TS2322: Type '{ id: string; checked: boolean; onChange: (checked: boolean) => void; label: string; }' is not assignable to type 'IntrinsicAttributes & CheckboxProps'.
  Property 'id' does not exist on type 'IntrinsicAttributes & CheckboxProps'.
components/flows/modals/StepErrorModal.tsx(148,91): error TS2322: Type '"large"' is not assignable to type '"md" | "sm" | "lg" | "xl" | "2xl" | "3xl" | "4xl" | "full"'.
components/flows/modals/StepErrorModal.tsx(373,33): error TS2322: Type '{ children: string; onClick: () => Promise<void>; disabled: boolean; loading: boolean; }' is not assignable to type 'IntrinsicAttributes & ButtonProps'.
  Property 'loading' does not exist on type 'IntrinsicAttributes & ButtonProps'. Did you mean 'isLoading'?
components/flows/modals/StepUnsubscribeModal.tsx(62,89): error TS2322: Type '"large"' is not assignable to type '"md" | "sm" | "lg" | "xl" | "2xl" | "3xl" | "4xl" | "full"'.
components/meta/MetaGrowthReport.tsx(162,96): error TS2353: Object literal may only specify known properties, and 'shadow' does not exist in type 'Properties<string | number, string & {}>'.
components/meta/MetaGrowthReport.tsx(183,96): error TS2353: Object literal may only specify known properties, and 'shadow' does not exist in type 'Properties<string | number, string & {}>'.
components/meta/MetaGrowthReport.tsx(203,96): error TS2353: Object literal may only specify known properties, and 'shadow' does not exist in type 'Properties<string | number, string & {}>'.
components/reports/AIChatReport.tsx(88,92): error TS2353: Object literal may only specify known properties, and 'shadow' does not exist in type 'Properties<string | number, string & {}>'.
components/reports/WebJourneyReport.tsx(95,96): error TS2353: Object literal may only specify known properties, and 'shadow' does not exist in type 'Properties<string | number, string & {}>'.
components/web-tracking/overview/PagesTabContent.tsx(83,53): error TS2339: Property 'avgLoadTime' does not exist on type '{ url: string; urlHash?: string; title: string; count: number; avgTime: number; avgScroll: number; bounceRate: number; }'.
components/web-tracking/overview/PagesTabContent.tsx(194,56): error TS2339: Property 'url' does not exist on type '{ type: string; target: string; count: number; }'.
components/web-tracking/overview/PagesTabContent.tsx(197,137): error TS2339: Property 'url' does not exist on type '{ type: string; target: string; count: number; }'.
components/web-tracking/overview/PagesTabContent.tsx(198,79): error TS2339: Property 'url' does not exist on type '{ type: string; target: string; count: number; }'.
components/zalo/ZaloBroadcastTab.tsx(235,29): error TS2322: Type 'string' is not assignable to type 'number'.
components/zalo/ZaloBroadcastTab.tsx(408,45): error TS2322: Type '{ label: string; placeholder: string; value: string; onChange: (e: ChangeEvent<HTMLInputElement, HTMLInputElement>) => void; multiline: true; rows: number; }' is not assignable to type 'IntrinsicAttributes & InputProps'.
  Property 'multiline' does not exist on type 'IntrinsicAttributes & InputProps'. Did you mean 'multiple'?
components/zalo/ZaloBroadcastTab.tsx(606,45): error TS2322: Type 'string' is not assignable to type 'number'.
components/zalo/ZaloDashboard.tsx(109,49): error TS2322: Type '"success" | "warning" | "secondary" | "danger"' is not assignable to type '"info" | "success" | "warning" | "danger" | "neutral" | "brand" | "pink" | "amber"'.
  Type '"secondary"' is not assignable to type '"info" | "success" | "warning" | "danger" | "neutral" | "brand" | "pink" | "amber"'.
components/zalo/ZaloReportTab.tsx(90,29): error TS2322: Type '{ value: string; label: JSX.Element; }' is not assignable to type 'Option'.
  Types of property 'label' are incompatible.
    Type 'Element' is not assignable to type 'string'.
components/zalo/ZaloReportTab.tsx(108,25): error TS2322: Type 'string' is not assignable to type 'number'.
components/zalo/ZaloReportTab.tsx(117,25): error TS2322: Type 'string' is not assignable to type 'number'.
components/zalo/ZaloReportTab.tsx(165,96): error TS2353: Object literal may only specify known properties, and 'shadow' does not exist in type 'Properties<string | number, string & {}>'.
components/zalo/ZaloReportTab.tsx(186,96): error TS2353: Object literal may only specify known properties, and 'shadow' does not exist in type 'Properties<string | number, string & {}>'.
components/zalo/ZaloReportTab.tsx(206,96): error TS2353: Object literal may only specify known properties, and 'shadow' does not exist in type 'Properties<string | number, string & {}>'.
pages/CategoryChat/components/ChatbotCard.tsx(59,21): error TS2322: Type '(e: MouseEvent<Element, MouseEvent>, bot: any) => void' is not assignable to type 'MouseEventHandler<HTMLButtonElement>'.
  Target signature provides too few arguments. Expected 2 or more, but got 1.
services/mockData.ts(24,9): error TS2739: Type '{ sent: number; opened: number; clicked: number; bounced: number; spam: number; }' is missing the following properties from type '{ sent: number; opened: number; clicked: number; bounced: number; spam: number; unsubscribed: number; failed: number; }': unsubscribed, failed
