components/templates/EmailEditor/utils/blockUtils.ts(567,24): error TS2551: Property 'borderWidth' does not exist on type 'EmailBlockStyle'. Did you mean 'borderTopWidth'?
components/templates/EmailEditor/utils/canvasUtils.ts(14,36): error TS2345: Argument of type 'string | number | boolean | ResponsiveStyle | string[]' is not assignable to parameter of type 'string | number'.
  Type 'boolean' is not assignable to type 'string | number'.
components/templates/EmailEditor/utils/canvasUtils.ts(17,34): error TS2345: Argument of type 'string | number | boolean | ResponsiveStyle | string[]' is not assignable to parameter of type 'string | number'.
  Type 'boolean' is not assignable to type 'string | number'.
pages/PublicSurvey.tsx(137,32): error TS2339: Property 'primaryColor' does not exist on type '{}'.
pages/PublicSurvey.tsx(138,35): error TS2339: Property 'backgroundColor' does not exist on type '{}'.
pages/PublicSurvey.tsx(139,34): error TS2339: Property 'cardBackground' does not exist on type '{}'.
pages/PublicSurvey.tsx(140,29): error TS2339: Property 'textColor' does not exist on type '{}'.
pages/PublicSurvey.tsx(141,30): error TS2339: Property 'fontFamily' does not exist on type '{}'.
pages/PublicSurvey.tsx(142,32): error TS2339: Property 'borderRadius' does not exist on type '{}'.
